// Jest Snapshot v1, https://goo.gl/fbAQLP

exports[`Excercise component renders correctly 1`] = `
<div
  className="jsx-466204258 open"
>
  <h3
    className="jsx-466204258"
  >
    Pull up
  </h3>
  <p>
    Here is some html
  </p>
  <p />
</div>
`;
