// Jest Snapshot v1, https://goo.gl/fbAQLP

exports[`Exercise component renders correctly 1`] = `
<div
  className="jsx-2431219986 open"
>
  <h3
    className="jsx-2431219986"
  >
    Pull up
  </h3>
  <p>
    Here is some html
  </p>
  <p />
</div>
`;
