// Jest Snapshot v1, https://goo.gl/fbAQLP

exports[`Heading component renders correctly 1`] = `
<div
  className="jsx-3648482963 show "
>
  <div
    className="Typist "
  >
    <span
      className="Cursor Cursor--blinking"
    >
      |
    </span>
  </div>
</div>
`;
